Archive member included to satisfy reference by file (symbol)

/usr/bin/../lib/gcc/arm-none-eabi/6.3.1/../../../../arm-none-eabi/lib/thumb/v7e-m/fpv4-sp/hard/libg.a(lib_a-memcpy.o)
                              build/obj/hal_buffers.o (memcpy)
/usr/bin/../lib/gcc/arm-none-eabi/6.3.1/../../../../arm-none-eabi/lib/thumb/v7e-m/fpv4-sp/hard/libg.a(lib_a-memset.o)
                              build/obj/usb.o (memset)

Discarded input sections

 .data          0x0000000000000000        0x0 build/obj/crt0_v7m.o
 .bss           0x0000000000000000        0x0 build/obj/crt0_v7m.o
 .data          0x0000000000000000        0x0 build/obj/chcoreasm_v7m.o
 .bss           0x0000000000000000        0x0 build/obj/chcoreasm_v7m.o
 .text          0x0000000000000000        0x0 build/obj/crt1.o
 .data          0x0000000000000000        0x0 build/obj/crt1.o
 .bss           0x0000000000000000        0x0 build/obj/crt1.o
 .text.__early_init
                0x0000000000000000        0x4 build/obj/crt1.o
 .text          0x0000000000000000        0x0 build/obj/vectors.o
 .data          0x0000000000000000        0x0 build/obj/vectors.o
 .bss           0x0000000000000000        0x0 build/obj/vectors.o
 .text          0x0000000000000000        0x0 build/obj/chsys.o
 .data          0x0000000000000000        0x0 build/obj/chsys.o
 .bss           0x0000000000000000        0x0 build/obj/chsys.o
 .text.port_get_irq_status
                0x0000000000000000       0x14 build/obj/chsys.o
 .text.port_irq_enabled
                0x0000000000000000       0x18 build/obj/chsys.o
 .text.port_is_isr_context
                0x0000000000000000       0x20 build/obj/chsys.o
 .text.chSysLock
                0x0000000000000000       0x14 build/obj/chsys.o
 .text.chSysUnlock
                0x0000000000000000       0x3c build/obj/chsys.o
 .text.chSysIntegrityCheckI
                0x0000000000000000      0x10c build/obj/chsys.o
 .text.chSysGetStatusAndLockX
                0x0000000000000000       0x34 build/obj/chsys.o
 .text.chSysRestoreStatusX
                0x0000000000000000       0x34 build/obj/chsys.o
 .rodata.__func__.7157
                0x0000000000000000        0xc build/obj/chsys.o
 .text          0x0000000000000000        0x0 build/obj/chdebug.o
 .data          0x0000000000000000        0x0 build/obj/chdebug.o
 .bss           0x0000000000000000        0x0 build/obj/chdebug.o
 .text._dbg_check_disable
                0x0000000000000000       0x24 build/obj/chdebug.o
 .text._dbg_check_suspend
                0x0000000000000000       0x24 build/obj/chdebug.o
 .text          0x0000000000000000        0x0 build/obj/chvt.o
 .data          0x0000000000000000        0x0 build/obj/chvt.o
 .bss           0x0000000000000000        0x0 build/obj/chvt.o
 .text          0x0000000000000000        0x0 build/obj/chschd.o
 .data          0x0000000000000000        0x0 build/obj/chschd.o
 .bss           0x0000000000000000        0x0 build/obj/chschd.o
 .text.chSchDoRescheduleBehind
                0x0000000000000000       0x6c build/obj/chschd.o
 .text          0x0000000000000000        0x0 build/obj/chthreads.o
 .data          0x0000000000000000        0x0 build/obj/chthreads.o
 .bss           0x0000000000000000        0x0 build/obj/chthreads.o
 .text.list_insert
                0x0000000000000000       0x1c build/obj/chthreads.o
 .text.chSchCanYieldS
                0x0000000000000000       0x24 build/obj/chthreads.o
 .text.chSchDoYieldS
                0x0000000000000000       0x18 build/obj/chthreads.o
 .text.chVTGetSystemTimeX
                0x0000000000000000        0xc build/obj/chthreads.o
 .text.chVTIsTimeWithinX
                0x0000000000000000       0x24 build/obj/chthreads.o
 .text.chThdStartI
                0x0000000000000000       0x2c build/obj/chthreads.o
 .text.chThdStart
                0x0000000000000000       0x20 build/obj/chthreads.o
 .text.chThdSetPriority
                0x0000000000000000       0x64 build/obj/chthreads.o
 .text.chThdTerminate
                0x0000000000000000       0x28 build/obj/chthreads.o
 .text.chThdSleepUntil
                0x0000000000000000       0x30 build/obj/chthreads.o
 .text.chThdSleepUntilWindowed
                0x0000000000000000       0x3c build/obj/chthreads.o
 .text.chThdYield
                0x0000000000000000       0x14 build/obj/chthreads.o
 .text.chThdWait
                0x0000000000000000       0x78 build/obj/chthreads.o
 .text.chThdSuspendTimeoutS
                0x0000000000000000       0x4c build/obj/chthreads.o
 .text.chThdResumeS
                0x0000000000000000       0x40 build/obj/chthreads.o
 .text.chThdResume
                0x0000000000000000       0x20 build/obj/chthreads.o
 .rodata.__func__.7324
                0x0000000000000000        0xc build/obj/chthreads.o
 .rodata.__func__.7890
                0x0000000000000000       0x11 build/obj/chthreads.o
 .rodata.__func__.7923
                0x0000000000000000        0xa build/obj/chthreads.o
 .rodata.__func__.7934
[...]
Memory Configuration

Name             Origin             Length             Attributes
flash            0x0000000008000000 0x0000000000200000
ram0             0x0000000020000000 0x0000000000030000
ram1             0x0000000020000000 0x000000000001c000
ram2             0x000000002001c000 0x0000000000004000
ram3             0x0000000020020000 0x0000000000010000
ram4             0x0000000010000000 0x0000000000010000
ram5             0x0000000040024000 0x0000000000001000
ram6             0x0000000000000000 0x0000000000000000
ram7             0x0000000000000000 0x0000000000000000
*default*        0x0000000000000000 0xffffffffffffffff

Linker script and memory map

LOAD build/obj/crt0_v7m.o
LOAD build/obj/chcoreasm_v7m.o
LOAD build/obj/crt1.o
LOAD build/obj/vectors.o
LOAD build/obj/chsys.o
LOAD build/obj/chdebug.o
LOAD build/obj/chvt.o
LOAD build/obj/chschd.o
LOAD build/obj/chthreads.o
LOAD build/obj/chtm.o
LOAD build/obj/chstats.o
LOAD build/obj/chdynamic.o
LOAD build/obj/chregistry.o
LOAD build/obj/chsem.o
LOAD build/obj/chmtx.o
LOAD build/obj/chcond.o
LOAD build/obj/chevents.o
LOAD build/obj/chmsg.o
LOAD build/obj/chmboxes.o
LOAD build/obj/chqueues.o
LOAD build/obj/chmemcore.o
LOAD build/obj/chheap.o
LOAD build/obj/chmempools.o
LOAD build/obj/chcore.o
LOAD build/obj/chcore_v7m.o
LOAD build/obj/osal.o
LOAD build/obj/hal.o
LOAD build/obj/st.o
LOAD build/obj/hal_buffers.o
LOAD build/obj/hal_queues.o
LOAD build/obj/hal_mmcsd.o
LOAD build/obj/ext.o
LOAD build/obj/gpt.o
LOAD build/obj/pal.o
LOAD build/obj/pwm.o
LOAD build/obj/serial.o
LOAD build/obj/serial_usb.o
LOAD build/obj/usb.o
LOAD build/obj/nvic.o
LOAD build/obj/hal_lld.o
LOAD build/obj/stm32_dma.o
LOAD build/obj/st_lld.o
LOAD build/obj/ext_lld.o
LOAD build/obj/ext_lld_isr.o
LOAD build/obj/pal_lld.o
LOAD build/obj/usb_lld.o
LOAD build/obj/gpt_lld.o
LOAD build/obj/pwm_lld.o
LOAD build/obj/serial_lld.o
LOAD build/obj/board.o
LOAD build/obj/test.o
LOAD build/obj/testthd.o
LOAD build/obj/testsem.o
LOAD build/obj/testmtx.o
LOAD build/obj/testmsg.o
LOAD build/obj/testmbox.o
LOAD build/obj/testevt.o
LOAD build/obj/testheap.o
LOAD build/obj/testpools.o
LOAD build/obj/testdyn.o
LOAD build/obj/testqueues.o
LOAD build/obj/testsys.o
LOAD build/obj/testbmk.o
LOAD build/obj/memstreams.o
LOAD build/obj/chprintf.o
LOAD build/obj/main.o
LOAD build/obj/status.o
LOAD build/obj/usbcfg.o
LOAD build/obj/usb_serial_link.o
LOAD build/obj/header.o
                0x0000000020000000                __ram0_start__ = ORIGIN (ram0)
                0x0000000000030000                __ram0_size__ = LENGTH (ram0)
                0x0000000020030000                __ram0_end__ = (__ram0_start__ + __ram0_size__)
                0x0000000020000000                __ram1_start__ = ORIGIN (ram1)
                0x000000000001c000                __ram1_size__ = LENGTH (ram1)
                0x000000002001c000                __ram1_end__ = (__ram1_start__ + __ram1_size__)
                0x000000002001c000                __ram2_start__ = ORIGIN (ram2)
                0x0000000000004000                __ram2_size__ = LENGTH (ram2)
                0x0000000020020000                __ram2_end__ = (__ram2_start__ + __ram2_size__)
                0x0000000020020000                __ram3_start__ = ORIGIN (ram3)
                0x0000000000010000                __ram3_size__ = LENGTH (ram3)
                0x0000000020030000                __ram3_end__ = (__ram3_start__ + __ram3_size__)
                0x0000000010000000                __ram4_start__ = ORIGIN (ram4)
                0x0000000000010000                __ram4_size__ = LENGTH (ram4)
                0x0000000010010000                __ram4_end__ = (__ram4_start__ + __ram4_size__)
                0x0000000040024000                __ram5_start__ = ORIGIN (ram5)
                0x0000000000001000                __ram5_size__ = LENGTH (ram5)
                0x0000000040025000                __ram5_end__ = (__ram5_start__ + __ram5_size__)
                0x0000000000000000                __ram6_start__ = ORIGIN (ram6)
                0x0000000000000000                __ram6_size__ = LENGTH (ram6)
                0x0000000000000000                __ram6_end__ = (__ram6_start__ + __ram6_size__)
                0x0000000000000000                __ram7_start__ = ORIGIN (ram7)
                0x0000000000000000                __ram7_size__ = LENGTH (ram7)
                0x0000000000000000                __ram7_end__ = (__ram7_start__ + __ram7_size__)
                0x0000000000000000                . = 0x0
                0x0000000000000000                _text = .

startup         0x0000000008000000      0x1c0
 *(.vectors)
 .vectors       0x0000000008000000      0x1c0 build/obj/vectors.o
                0x0000000008000000                _vectors

constructors    0x00000000080001c0        0x0
                0x00000000080001c0                __init_array_start = .
 *(SORT(.init_array.*))
 *(.init_array)
                0x00000000080001c0                __init_array_end = .

destructors     0x00000000080001c0        0x0
                0x00000000080001c0                __fini_array_start = .
 *(.fini_array)
 *(SORT(.fini_array.*))
                0x00000000080001c0                __fini_array_end = .

.text           0x00000000080001c0     0x8fbc
 *(.text)
 .text          0x00000000080001c0      0x108 build/obj/crt0_v7m.o
                0x00000000080001c0                Reset_Handler
 *fill*         0x00000000080002c8        0x8 
 .text          0x00000000080002d0       0x48 build/obj/chcoreasm_v7m.o
                0x00000000080002d0                _port_switch
                0x00000000080002e8                _port_thread_start
                0x0000000008000300                _port_switch_from_isr
                0x0000000008000314                _port_exit_from_isr
 *fill*         0x0000000008000318        0x8 
 .text          0x0000000008000320      0x134 /usr/bin/../lib/gcc/arm-none-eabi/6.3.1/../../../../arm-none-eabi/lib/thumb/v7e-m/fpv4-sp/hard/libg.a(lib_a-memcpy.o)
                0x0000000008000320                memcpy
 *(.text.*)
 *fill*         0x0000000008000454        0xc 
 .text.__core_init
                0x0000000008000460        0x4 build/obj/crt1.o
                0x0000000008000460                __core_init
 *fill*         0x0000000008000464        0xc 
 .text.__late_init
                0x0000000008000470        0x4 build/obj/crt1.o
                0x0000000008000470                __late_init
 *fill*         0x0000000008000474        0xc 
 .text.__default_exit
                0x0000000008000480        0x4 build/obj/crt1.o
                0x0000000008000480                __default_exit
 *fill*         0x0000000008000484        0xc 
 .text.__init_ram_areas
                0x0000000008000490       0x68 build/obj/crt1.o
                0x0000000008000490                __init_ram_areas
 *fill*         0x00000000080004f8        0x8 
 .text._unhandled_exception
                0x0000000008000500        0x4 build/obj/vectors.o
                0x0000000008000500                DebugMon_Handler
                0x0000000008000500                Vector1A0
                0x0000000008000500                Vector11C
                0x0000000008000500                HardFault_Handler
                0x0000000008000500                Vector1B8
                0x0000000008000500                Vector19C
                0x0000000008000500                Vector8C
                0x0000000008000500                VectorDC
                0x0000000008000500                PendSV_Handler
                0x0000000008000500                Vector168
                0x0000000008000500                NMI_Handler
                0x0000000008000500                Vector110
                0x0000000008000500                Vector120
                0x0000000008000500                VectorC8
                0x0000000008000500                Vector94
                0x0000000008000500                VectorA8
                0x0000000008000500                VectorB4
                0x0000000008000500                Vector74
                0x0000000008000500                Vector160
                0x0000000008000500                Vector1B0
                0x0000000008000500                UsageFault_Handler
                0x0000000008000500                VectorEC
                0x0000000008000500                Vector40
                0x0000000008000500                VectorF8
                0x0000000008000500                VectorBC
                0x0000000008000500                Vector190
                0x0000000008000500                Vector150
                0x0000000008000500                Vector124
                0x0000000008000500                Vector148
                0x0000000008000500                Vector188
                0x0000000008000500                Vector198
                0x0000000008000500                Vector118
                0x0000000008000500                VectorCC
                0x0000000008000500                Vector54
                0x0000000008000500                Vector98
                0x0000000008000500                VectorD8
                0x0000000008000500                Vector24
                0x0000000008000500                Vector1AC
                0x0000000008000500                Vector178
                0x0000000008000500                Vector84
                0x0000000008000500                Vector1A4
                0x0000000008000500                VectorD0
                0x0000000008000500                Vector1B4
                0x0000000008000500                Vector140
                0x0000000008000500                VectorC0
                0x0000000008000500                Vector158
                0x0000000008000500                Vector130
                0x0000000008000500                Vector134
                0x0000000008000500                VectorF0
                0x0000000008000500                Vector12C
                0x0000000008000500                Vector13C
                0x0000000008000500                Vector100
                0x0000000008000500                VectorF4
                0x0000000008000500                MemManage_Handler
                0x0000000008000500                Vector6C
                0x0000000008000500                VectorA0
                0x0000000008000500                Vector7C
                0x0000000008000500                VectorC4
                0x0000000008000500                Vector180
                0x0000000008000500                VectorB0
                0x0000000008000500                Vector90
                0x0000000008000500                Vector114
                0x0000000008000500                Vector164
                0x0000000008000500                Vector1C
                0x0000000008000500                Vector1BC
                0x0000000008000500                Vector17C
                0x0000000008000500                Vector1A8
                0x0000000008000500                Vector16C
                0x0000000008000500                Vector70
                0x0000000008000500                Vector144
                0x0000000008000500                Vector80
                0x0000000008000500                Vector15C
                0x0000000008000500                Vector78
                0x0000000008000500                _unhandled_exception
                0x0000000008000500                Vector88
                0x0000000008000500                Vector104
                0x0000000008000500                Vector184
                0x0000000008000500                Vector10C
                0x0000000008000500                Vector14C
                0x0000000008000500                BusFault_Handler
                0x0000000008000500                Vector50
                0x0000000008000500                Vector194
                0x0000000008000500                Vector154
                0x0000000008000500                Vector28
                0x0000000008000500                VectorB8
                0x0000000008000500                VectorFC
                0x0000000008000500                Vector34
                0x0000000008000500                Vector128
                0x0000000008000500                Vector20
                0x0000000008000500                Vector18C
 *fill*         0x0000000008000504        0xc 
 .text.NVIC_SetPriorityGrouping
                0x0000000008000510       0x40 build/obj/chsys.o
 .text.NVIC_SetPriority
                0x0000000008000550       0x50 build/obj/chsys.o
 .text.port_init
                0x00000000080005a0       0x4c build/obj/chsys.o
 *fill*         0x00000000080005ec        0x4 
 .text.port_lock
                0x00000000080005f0       0x14 build/obj/chsys.o
 *fill*         0x0000000008000604        0xc 
 .text.port_unlock
                0x0000000008000610       0x14 build/obj/chsys.o
 *fill*         0x0000000008000624        0xc 
 .text.port_lock_from_isr
                0x0000000008000630        0xc build/obj/chsys.o
 *fill*         0x000000000800063c        0x4 
 .text.port_unlock_from_isr
                0x0000000008000640        0xc build/obj/chsys.o
 *fill*         0x000000000800064c        0x4 
 .text.port_disable
                0x0000000008000650        0x8 build/obj/chsys.o
 *fill*         0x0000000008000658        0x8 
 .text.port_enable
                0x0000000008000660       0x14 build/obj/chsys.o
 *fill*         0x0000000008000674        0xc 
 .text.port_wait_for_interrupt
                0x0000000008000680        0x8 build/obj/chsys.o
 *fill*         0x0000000008000688        0x8 
 .text.port_rt_get_counter_value
                0x0000000008000690        0xc build/obj/chsys.o
 *fill*         0x000000000800069c        0x4 
 .text.chSysEnable
                0x00000000080006a0       0x10 build/obj/chsys.o
 .text.chSysLockFromISR
                0x00000000080006b0       0x14 build/obj/chsys.o
 *fill*         0x00000000080006c4        0xc 
 .text.chSysUnlockFromISR
                0x00000000080006d0       0x14 build/obj/chsys.o
 *fill*         0x00000000080006e4        0xc 
 .text.chVTDoTickI
                0x00000000080006f0       0x78 build/obj/chsys.o
 *fill*         0x0000000008000768        0x8 
 .text.chRegSetThreadName
                0x0000000008000770       0x18 build/obj/chsys.o
 *fill*         0x0000000008000788        0x8 
 .text.chRegSetThreadNameX
                0x0000000008000790       0x14 build/obj/chsys.o
 *fill*         0x00000000080007a4        0xc 
 .text._idle_thread
                0x00000000080007b0        0xc build/obj/chsys.o
 *fill*         0x00000000080007bc        0x4 
 .text.chSysInit
                0x00000000080007c0       0x98 build/obj/chsys.o
                0x00000000080007c0                chSysInit
 *fill*         0x0000000008000858        0x8 
 .text.chSysHalt
                0x0000000008000860       0x18 build/obj/chsys.o
                0x0000000008000860                chSysHalt
 *fill*         0x0000000008000878        0x8 
 .text.chSysTimerHandlerI
                0x0000000008000880       0x10 build/obj/chsys.o
                0x0000000008000880                chSysTimerHandlerI
 .text.chSysIsCounterWithinX
                0x0000000008000890       0x24 build/obj/chsys.o
                0x0000000008000890                chSysIsCounterWithinX
 *fill*         0x00000000080008b4        0xc 
 .text.chSysPolledDelayX
                0x00000000080008c0       0x34 build/obj/chsys.o
                0x00000000080008c0                chSysPolledDelayX
 *fill*         0x00000000080008f4        0xc 
 .text.port_lock
                0x0000000008000900       0x14 build/obj/chdebug.o
 *fill*         0x0000000008000914        0xc 
 .text.port_unlock
                0x0000000008000920       0x14 build/obj/chdebug.o
 *fill*         0x0000000008000934        0xc 
 .text.port_lock_from_isr
                0x0000000008000940        0xc build/obj/chdebug.o
 *fill*         0x000000000800094c        0x4 
 .text.port_unlock_from_isr
                0x0000000008000950        0xc build/obj/chdebug.o
 *fill*         0x000000000800095c        0x4 
 .text._dbg_check_enable
                0x0000000008000960       0x24 build/obj/chdebug.o
                0x0000000008000960                _dbg_check_enable
 *fill*         0x0000000008000984        0xc 
 .text._dbg_check_lock
                0x0000000008000990       0x2c build/obj/chdebug.o
                0x0000000008000990                _dbg_check_lock
 *fill*         0x00000000080009bc        0x4 
 .text._dbg_check_unlock
                0x00000000080009c0       0x2c build/obj/chdebug.o
                0x00000000080009c0                _dbg_check_unlock
 *fill*         0x00000000080009ec        0x4 
 .text._dbg_check_lock_from_isr
                0x00000000080009f0       0x2c build/obj/chdebug.o
                0x00000000080009f0                _dbg_check_lock_from_isr
 *fill*         0x0000000008000a1c        0x4 
 .text._dbg_check_unlock_from_isr
                0x0000000008000a20       0x2c build/obj/chdebug.o
                0x0000000008000a20                _dbg_check_unlock_from_isr
 *fill*         0x0000000008000a4c        0x4 
 .text._dbg_check_enter_isr
                0x0000000008000a50       0x38 build/obj/chdebug.o
                0x0000000008000a50                _dbg_check_enter_isr
 *fill*         0x0000000008000a88        0x8 
 .text._dbg_check_leave_isr
                0x0000000008000a90       0x38 build/obj/chdebug.o
                0x0000000008000a90                _dbg_check_leave_isr
 *fill*         0x0000000008000ac8        0x8 
 .text.chDbgCheckClassI
                0x0000000008000ad0       0x24 build/obj/chdebug.o
                0x0000000008000ad0                chDbgCheckClassI
 *fill*         0x0000000008000af4        0xc 
 .text.chDbgCheckClassS
                0x0000000008000b00       0x24 build/obj/chdebug.o
                0x0000000008000b00                chDbgCheckClassS
 *fill*         0x0000000008000b24        0xc 
 .text._vt_init
                0x0000000008000b30       0x28 build/obj/chvt.o
                0x0000000008000b30                _vt_init
 *fill*         0x0000000008000b58        0x8 
 .text.chVTDoSetI
                0x0000000008000b60       0xb0 build/obj/chvt.o
                0x0000000008000b60                chVTDoSetI
 .text.chVTDoResetI
                0x0000000008000c10       0x68 build/obj/chvt.o
                0x0000000008000c10                chVTDoResetI
 *fill*         0x0000000008000c78        0x8 
 .text.port_lock
                0x0000000008000c80       0x14 build/obj/chschd.o
 *fill*         0x0000000008000c94        0xc 
 .text.port_unlock
                0x0000000008000ca0       0x14 build/obj/chschd.o
 *fill*         0x0000000008000cb4        0xc 
 .text.port_lock_from_isr
                0x0000000008000cc0        0xc build/obj/chschd.o
 *fill*         0x0000000008000ccc        0x4 
 .text.port_unlock_from_isr
                0x0000000008000cd0        0xc build/obj/chschd.o
 *fill*         0x0000000008000cdc        0x4 
 .text.queue_init
                0x0000000008000ce0       0x18 build/obj/chschd.o
 *fill*         0x0000000008000cf8        0x8 
 .text.queue_fifo_remove
                0x0000000008000d00       0x24 build/obj/chschd.o
 *fill*         0x0000000008000d24        0xc 
 .text.queue_dequeue
                0x0000000008000d30       0x20 build/obj/chschd.o
 .text.chSchIsRescRequiredI
                0x0000000008000d50       0x24 build/obj/chschd.o
 *fill*         0x0000000008000d74        0xc 
 .text.chSysLockFromISR
                0x0000000008000d80       0x14 build/obj/chschd.o
 *fill*         0x0000000008000d94        0xc 
 .text.chSysUnlockFromISR
                0x0000000008000da0       0x14 build/obj/chschd.o
 *fill*         0x0000000008000db4        0xc 
 .text.chVTIsArmedI
                0x0000000008000dc0       0x20 build/obj/chschd.o
 .text.chSemFastSignalI
                0x0000000008000de0       0x1c build/obj/chschd.o
 *fill*         0x0000000008000dfc        0x4 
 .text._scheduler_init
                0x0000000008000e00       0x24 build/obj/chschd.o
                0x0000000008000e00                _scheduler_init
 *fill*         0x0000000008000e24        0xc 
 .text.chSchReadyI
                0x0000000008000e30       0x7c build/obj/chschd.o
                0x0000000008000e30                chSchReadyI
 *fill*         0x0000000008000eac        0x4 
 .text.chSchGoSleepS
                0x0000000008000eb0       0x78 build/obj/chschd.o
                0x0000000008000eb0                chSchGoSleepS
 *fill*         0x0000000008000f28        0x8 
 .text.wakeup   0x0000000008000f30       0x7c build/obj/chschd.o
 *fill*         0x0000000008000fac        0x4 
 .text.chSchGoSleepTimeoutS
                0x0000000008000fb0       0x68 build/obj/chschd.o
                0x0000000008000fb0                chSchGoSleepTimeoutS
 *fill*         0x0000000008001018        0x8 
 .text.chSchWakeupS
                0x0000000008001020       0xa4 build/obj/chschd.o
                0x0000000008001020                chSchWakeupS
 *fill*         0x00000000080010c4        0xc 
 .text.chSchRescheduleS
                0x00000000080010d0       0x18 build/obj/chschd.o
                0x00000000080010d0                chSchRescheduleS
 *fill*         0x00000000080010e8        0x8 
 .text.chSchIsPreemptionRequired
                0x00000000080010f0       0x2c build/obj/chschd.o
                0x00000000080010f0                chSchIsPreemptionRequired
 *fill*         0x000000000800111c        0x4 
 .text.chSchDoRescheduleAhead
                0x0000000008001120       0xa0 build/obj/chschd.o
                0x0000000008001120                chSchDoRescheduleAhead
 .text.chSchDoReschedule
                0x00000000080011c0        0xc build/obj/chschd.o
                0x00000000080011c0                chSchDoReschedule
 *fill*         0x00000000080011cc        0x4 
 .text.port_lock
                0x00000000080011d0       0x14 build/obj/chthreads.o
 *fill*         0x00000000080011e4        0xc 
 .text.port_unlock
                0x00000000080011f0       0x14 build/obj/chthreads.o
 *fill*         0x0000000008001204        0xc 
 .text.list_init
                0x0000000008001210       0x10 build/obj/chthreads.o
 .text.list_notempty
                0x0000000008001220       0x1c build/obj/chthreads.o
 *fill*         0x000000000800123c        0x4 
 .text.queue_init
                0x0000000008001240       0x18 build/obj/chthreads.o
 *fill*         0x0000000008001258        0x8 
 .text.queue_notempty
                0x0000000008001260       0x1c build/obj/chthreads.o
 *fill*         0x000000000800127c        0x4 
 .text.list_remove
                0x0000000008001280       0x1c build/obj/chthreads.o
 *fill*         0x000000000800129c        0x4 
 .text.queue_insert
                0x00000000080012a0       0x28 build/obj/chthreads.o
 *fill*         0x00000000080012c8        0x8 
 .text.queue_fifo_remove
                0x00000000080012d0       0x24 build/obj/chthreads.o
 *fill*         0x00000000080012f4        0xc 
 .text.chSysLock
                0x0000000008001300       0x14 build/obj/chthreads.o
 *fill*         0x0000000008001314        0xc 
 .text.chSysUnlock
                0x0000000008001320       0x3c build/obj/chthreads.o
 *fill*         0x000000000800135c        0x4 
 .text.chThdGetSelfX
                0x0000000008001360        0xc build/obj/chthreads.o
 *fill*         0x000000000800136c        0x4 
 .text.chThdSleepS
                0x0000000008001370       0x28 build/obj/chthreads.o
 *fill*         0x0000000008001398        0x8 
 .text.chThdDoDequeueNextI
                0x00000000080013a0       0x50 build/obj/chthreads.o
 .text._thread_init
                0x00000000080013f0       0x90 build/obj/chthreads.o
                0x00000000080013f0                _thread_init
 .text._thread_memfill
                0x0000000008001480       0x28 build/obj/chthreads.o
                0x0000000008001480                _thread_memfill
 *fill*         0x00000000080014a8        0x8 
 .text.chThdCreateI
                0x00000000080014b0       0x74 build/obj/chthreads.o
                0x00000000080014b0                chThdCreateI
 *fill*         0x0000000008001524        0xc 
 .text.chThdCreateStatic
                0x0000000008001530       0x5c build/obj/chthreads.o
                0x0000000008001530                chThdCreateStatic
 *fill*         0x000000000800158c        0x4 
 .text.chThdSleep
                0x0000000008001590       0x1c build/obj/chthreads.o
                0x0000000008001590                chThdSleep
 *fill*         0x00000000080015ac        0x4 
 .text.chThdExit
                0x00000000080015b0       0x18 build/obj/chthreads.o
                0x00000000080015b0                chThdExit
 *fill*         0x00000000080015c8        0x8 
 .text.chThdExitS
                0x00000000080015d0       0x74 build/obj/chthreads.o
                0x00000000080015d0                chThdExitS
 *fill*         0x0000000008001644        0xc 
 .text.chThdSuspendS
                0x0000000008001650       0x40 build/obj/chthreads.o
                0x0000000008001650                chThdSuspendS
 .text.chThdResumeI
                0x0000000008001690       0x44 build/obj/chthreads.o
                0x0000000008001690                chThdResumeI
 *fill*         0x00000000080016d4        0xc 
 .text.chThdEnqueueTimeoutS
                0x00000000080016e0       0x38 build/obj/chthreads.o
                0x00000000080016e0                chThdEnqueueTimeoutS
 *fill*         0x0000000008001718        0x8 
 .text.chThdDequeueNextI
                0x0000000008001720       0x24 build/obj/chthreads.o
                0x0000000008001720                chThdDequeueNextI
 *fill*         0x0000000008001744        0xc 
 .text.chThdDequeueAllI
                0x0000000008001750       0x28 build/obj/chthreads.o
                0x0000000008001750                chThdDequeueAllI
 *fill*         0x0000000008001778        0x8 
 .text.port_rt_get_counter_value
                0x0000000008001780        0xc build/obj/chtm.o
 *fill*         0x000000000800178c        0x4 
 .text.tm_stop  0x0000000008001790       0x70 build/obj/chtm.o
 .text._tm_init
                0x0000000008001800       0x38 build/obj/chtm.o
                0x0000000008001800                _tm_init
 *fill*         0x0000000008001838        0x8 
 .text.chTMObjectInit
                0x0000000008001840       0x38 build/obj/chtm.o
                0x0000000008001840                chTMObjectInit
 *fill*         0x0000000008001878        0x8 
 .text.chTMStartMeasurementX
                0x0000000008001880       0x18 build/obj/chtm.o
                0x0000000008001880                chTMStartMeasurementX
 *fill*         0x0000000008001898        0x8 
 .text.chTMStopMeasurementX
                0x00000000080018a0       0x28 build/obj/chtm.o
                0x00000000080018a0                chTMStopMeasurementX
 *fill*         0x00000000080018c8        0x8 
 .text.chTMChainMeasurementToX
                0x00000000080018d0       0x28 build/obj/chtm.o
                0x00000000080018d0                chTMChainMeasurementToX
 *fill*         0x00000000080018f8        0x8 
 .text.port_lock
                0x0000000008001900       0x14 build/obj/chstats.o
 *fill*         0x0000000008001914        0xc 
 .text.port_unlock
                0x0000000008001920       0x14 build/obj/chstats.o
 *fill*         0x0000000008001934        0xc 
 .text.port_lock_from_isr
                0x0000000008001940        0xc build/obj/chstats.o
 *fill*         0x000000000800194c        0x4 
 .text.port_unlock_from_isr
                0x0000000008001950        0xc build/obj/chstats.o
 *fill*         0x000000000800195c        0x4 
 .text._stats_init
                0x0000000008001960       0x30 build/obj/chstats.o
                0x0000000008001960                _stats_init
 .text._stats_increase_irq
                0x0000000008001990       0x20 build/obj/chstats.o
                0x0000000008001990                _stats_increase_irq
 .text._stats_ctxswc
                0x00000000080019b0       0x34 build/obj/chstats.o
                0x00000000080019b0                _stats_ctxswc
 *fill*         0x00000000080019e4        0xc 
 .text._stats_start_measure_crit_thd
                0x00000000080019f0       0x10 build/obj/chstats.o
                0x00000000080019f0                _stats_start_measure_crit_thd
 .text._stats_stop_measure_crit_thd
                0x0000000008001a00       0x10 build/obj/chstats.o
                0x0000000008001a00                _stats_stop_measure_crit_thd
 .text._stats_start_measure_crit_isr
                0x0000000008001a10       0x10 build/obj/chstats.o
                0x0000000008001a10                _stats_start_measure_crit_isr
 .text._stats_stop_measure_crit_isr
                0x0000000008001a20       0x10 build/obj/chstats.o
                0x0000000008001a20                _stats_stop_measure_crit_isr
 .text.port_lock
                0x0000000008001a30       0x14 build/obj/chsem.o
 *fill*         0x0000000008001a44        0xc 
 .text.port_unlock
                0x0000000008001a50       0x14 build/obj/chsem.o
 *fill*         0x0000000008001a64        0xc 
 .text.queue_isempty
                0x0000000008001a70       0x1c build/obj/chsem.o
 *fill*         0x0000000008001a8c        0x4 
 .text.queue_notempty
                0x0000000008001a90       0x1c build/obj/chsem.o
 *fill*         0x0000000008001aac        0x4 
 .text.queue_insert
                0x0000000008001ab0       0x28 build/obj/chsem.o
 *fill*         0x0000000008001ad8        0x8 
 .text.queue_fifo_remove
                0x0000000008001ae0       0x24 build/obj/chsem.o
 *fill*         0x0000000008001b04        0xc 
 .text.chSysLock
                0x0000000008001b10       0x14 build/obj/chsem.o
 *fill*         0x0000000008001b24        0xc 
 .text.chSysUnlock
                0x0000000008001b30       0x3c build/obj/chsem.o
 *fill*         0x0000000008001b6c        0x4 
 .text.chSemWait
                0x0000000008001b70       0x20 build/obj/chsem.o
                0x0000000008001b70                chSemWait
 .text.chSemWaitS
                0x0000000008001b90       0x9c build/obj/chsem.o
                0x0000000008001b90                chSemWaitS
 *fill*         0x0000000008001c2c        0x4 
 .text.chSemSignalI
                0x0000000008001c30       0x88 build/obj/chsem.o
                0x0000000008001c30                chSemSignalI
 *fill*         0x0000000008001cb8        0x8 
 .text.queue_init
                0x0000000008001cc0       0x18 build/obj/chmtx.o
 *fill*         0x0000000008001cd8        0x8 
 .text.chMtxObjectInit
                0x0000000008001ce0       0x2c build/obj/chmtx.o
                0x0000000008001ce0                chMtxObjectInit
 *fill*         0x0000000008001d0c        0x4 
 .text.chEvtBroadcastFlagsI
                0x0000000008001d10       0x6c build/obj/chevents.o
                0x0000000008001d10                chEvtBroadcastFlagsI
 *fill*         0x0000000008001d7c        0x4 
 .text.chEvtSignalI
                0x0000000008001d80       0x70 build/obj/chevents.o
                0x0000000008001d80                chEvtSignalI
 .text.port_lock
                0x0000000008001df0       0x14 build/obj/chmboxes.o
 *fill*         0x0000000008001e04        0xc 
 .text.port_unlock
                0x0000000008001e10       0x14 build/obj/chmboxes.o
 *fill*         0x0000000008001e24        0xc 
 .text.queue_init
                0x0000000008001e30       0x18 build/obj/chmboxes.o
 *fill*         0x0000000008001e48        0x8 
 .text.chSysLock
                0x0000000008001e50       0x14 build/obj/chmboxes.o
 *fill*         0x0000000008001e64        0xc 
 .text.chSysUnlock
                0x0000000008001e70       0x3c build/obj/chmboxes.o
 *fill*         0x0000000008001eac        0x4 
 .text.chThdQueueObjectInit
                0x0000000008001eb0       0x14 build/obj/chmboxes.o
 *fill*         0x0000000008001ec4        0xc 
 .text.chMBGetSizeI
                0x0000000008001ed0       0x18 build/obj/chmboxes.o
 *fill*         0x0000000008001ee8        0x8 
 .text.chMBGetUsedCountI
                0x0000000008001ef0       0x18 build/obj/chmboxes.o
 *fill*         0x0000000008001f08        0x8 
 .text.chMBGetFreeCountI
                0x0000000008001f10       0x24 build/obj/chmboxes.o
 *fill*         0x0000000008001f34        0xc 
 .text.chMBObjectInit
                0x0000000008001f40       0x6c build/obj/chmboxes.o
                0x0000000008001f40                chMBObjectInit
 *fill*         0x0000000008001fac        0x4 
 .text.chMBPost
                0x0000000008001fb0       0x28 build/obj/chmboxes.o
                0x0000000008001fb0                chMBPost
 *fill*         0x0000000008001fd8        0x8 
 .text.chMBPostS
                0x0000000008001fe0       0x98 build/obj/chmboxes.o
                0x0000000008001fe0                chMBPostS
 *fill*         0x0000000008002078        0x8 
 .text.chMBFetch
                0x0000000008002080       0x28 build/obj/chmboxes.o
                0x0000000008002080                chMBFetch
 *fill*         0x00000000080020a8        0x8 
 .text.chMBFetchS
                0x00000000080020b0       0xa0 build/obj/chmboxes.o
                0x00000000080020b0                chMBFetchS
 .text.port_lock
                0x0000000008002150       0x14 build/obj/chqueues.o
 *fill*         0x0000000008002164        0xc 
 .text.port_unlock
                0x0000000008002170       0x14 build/obj/chqueues.o
 *fill*         0x0000000008002184        0xc 
 .text.queue_init
                0x0000000008002190       0x18 build/obj/chqueues.o
 *fill*         0x00000000080021a8        0x8 
 .text.chSysLock
                0x00000000080021b0       0x14 build/obj/chqueues.o
 *fill*         0x00000000080021c4        0xc 
 .text.chSysUnlock
                0x00000000080021d0       0x3c build/obj/chqueues.o
 *fill*         0x000000000800220c        0x4 
 .text.chThdQueueObjectInit
                0x0000000008002210       0x14 build/obj/chqueues.o
 *fill*         0x0000000008002224        0xc 
 .text.chIQIsEmptyI
                0x0000000008002230       0x20 build/obj/chqueues.o
 .text.chIQIsFullI
                0x0000000008002250       0x34 build/obj/chqueues.o
 *fill*         0x0000000008002284        0xc 
 .text.chOQIsEmptyI
                0x0000000008002290       0x34 build/obj/chqueues.o
 *fill*         0x00000000080022c4        0xc 
 .text.chOQIsFullI
                0x00000000080022d0       0x20 build/obj/chqueues.o
 .text.chIQObjectInit
                0x00000000080022f0       0x4c build/obj/chqueues.o
                0x00000000080022f0                chIQObjectInit
 *fill*         0x000000000800233c        0x4 
 .text.chIQPutI
                0x0000000008002340       0x64 build/obj/chqueues.o
                0x0000000008002340                chIQPutI
 *fill*         0x00000000080023a4        0xc 
 .text.chIQGetTimeout
                0x00000000080023b0       0x84 build/obj/chqueues.o
                0x00000000080023b0                chIQGetTimeout
 *fill*         0x0000000008002434        0xc 
 .text.chIQReadTimeout
                0x0000000008002440       0xb8 build/obj/chqueues.o
                0x0000000008002440                chIQReadTimeout
 *fill*         0x00000000080024f8        0x8 
 .text.chOQObjectInit
                0x0000000008002500       0x4c build/obj/chqueues.o
                0x0000000008002500                chOQObjectInit
 *fill*         0x000000000800254c        0x4 
 .text.chOQPutTimeout
                0x0000000008002550       0x88 build/obj/chqueues.o
                0x0000000008002550                chOQPutTimeout
 *fill*         0x00000000080025d8        0x8 
 .text.chOQGetI
                0x00000000080025e0       0x60 build/obj/chqueues.o
                0x00000000080025e0                chOQGetI
 .text.chOQWriteTimeout
                0x0000000008002640       0xb8 build/obj/chqueues.o
                0x0000000008002640                chOQWriteTimeout
 *fill*         0x00000000080026f8        0x8 
 .text.port_lock
                0x0000000008002700       0x14 build/obj/chmemcore.o
 *fill*         0x0000000008002714        0xc 
 .text.port_unlock
                0x0000000008002720       0x14 build/obj/chmemcore.o
 *fill*         0x0000000008002734        0xc 
 .text.chSysLock
                0x0000000008002740       0x14 build/obj/chmemcore.o
 *fill*         0x0000000008002754        0xc 
 .text.chSysUnlock
                0x0000000008002760       0x3c build/obj/chmemcore.o
 *fill*         0x000000000800279c        0x4 
 .text._core_init
                0x00000000080027a0       0x30 build/obj/chmemcore.o
                0x00000000080027a0                _core_init
 .text.chCoreAlloc
                0x00000000080027d0       0x20 build/obj/chmemcore.o
                0x00000000080027d0                chCoreAlloc
 .text.chCoreAllocI
                0x00000000080027f0       0x50 build/obj/chmemcore.o
                0x00000000080027f0                chCoreAllocI
 .text._heap_init
                0x0000000008002840       0x2c build/obj/chheap.o
                0x0000000008002840                _heap_init
 *fill*         0x000000000800286c        0x4 
 .text.port_lock
                0x0000000008002870       0x14 build/obj/chmempools.o
 *fill*         0x0000000008002884        0xc 
 .text.port_unlock
                0x0000000008002890       0x14 build/obj/chmempools.o
 *fill*         0x00000000080028a4        0xc 
 .text.chSysLock
                0x00000000080028b0       0x14 build/obj/chmempools.o
 *fill*         0x00000000080028c4        0xc 
 .text.chSysUnlock
                0x00000000080028d0       0x3c build/obj/chmempools.o
 *fill*         0x000000000800290c        0x4 
 .text.chPoolAdd
                0x0000000008002910       0x18 build/obj/chmempools.o
 *fill*         0x0000000008002928        0x8 
 .text.chPoolObjectInit
                0x0000000008002930       0x3c build/obj/chmempools.o
                0x0000000008002930                chPoolObjectInit
 *fill*         0x000000000800296c        0x4 
 .text.chPoolLoadArray
                0x0000000008002970       0x48 build/obj/chmempools.o
                0x0000000008002970                chPoolLoadArray
 *fill*         0x00000000080029b8        0x8 
 .text.chPoolAllocI
                0x00000000080029c0       0x54 build/obj/chmempools.o
                0x00000000080029c0                chPoolAllocI
 *fill*         0x0000000008002a14        0xc 
 .text.chPoolAlloc
                0x0000000008002a20       0x20 build/obj/chmempools.o
                0x0000000008002a20                chPoolAlloc
 .text.chPoolFreeI
                0x0000000008002a40       0x3c build/obj/chmempools.o
                0x0000000008002a40                chPoolFreeI
 *fill*         0x0000000008002a7c        0x4 
 .text.chPoolFree
                0x0000000008002a80       0x20 build/obj/chmempools.o
                0x0000000008002a80                chPoolFree
 .text.port_lock
                0x0000000008002aa0       0x14 build/obj/chcore_v7m.o
 *fill*         0x0000000008002ab4        0xc 
 .text.port_unlock
                0x0000000008002ac0       0x14 build/obj/chcore_v7m.o
 *fill*         0x0000000008002ad4        0xc 
 .text.port_lock_from_isr
                0x0000000008002ae0        0xc build/obj/chcore_v7m.o
 *fill*         0x0000000008002aec        0x4 
 .text.port_unlock_from_isr
                0x0000000008002af0        0xc build/obj/chcore_v7m.o
 *fill*         0x0000000008002afc        0x4 
 .text.SVC_Handler
                0x0000000008002b00       0x3c build/obj/chcore_v7m.o
                0x0000000008002b00                SVC_Handler
 *fill*         0x0000000008002b3c        0x4 
 .text._port_irq_epilogue
                0x0000000008002b40       0x7c build/obj/chcore_v7m.o
                0x0000000008002b40                _port_irq_epilogue
 *fill*         0x0000000008002bbc        0x4 
 .text.osalInit
                0x0000000008002bc0        0x4 build/obj/hal.o
 *fill*         0x0000000008002bc4        0xc 
 .text.halInit  0x0000000008002bd0       0x38 build/obj/hal.o
                0x0000000008002bd0                halInit
 *fill*         0x0000000008002c08        0x8 
 .text.stInit   0x0000000008002c10        0xc build/obj/st.o
                0x0000000008002c10                stInit
 *fill*         0x0000000008002c1c        0x4 
 .text.port_lock
                0x0000000008002c20       0x14 build/obj/hal_buffers.o
 *fill*         0x0000000008002c34        0xc 
 .text.port_unlock
                0x0000000008002c40       0x14 build/obj/hal_buffers.o
 *fill*         0x0000000008002c54        0xc 
 .text.queue_init
                0x0000000008002c60       0x18 build/obj/hal_buffers.o
 *fill*         0x0000000008002c78        0x8 
 .text.chSysLock
                0x0000000008002c80       0x14 build/obj/hal_buffers.o
 *fill*         0x0000000008002c94        0xc 
 .text.chSysUnlock
                0x0000000008002ca0       0x3c build/obj/hal_buffers.o
 *fill*         0x0000000008002cdc        0x4 
 .text.chVTGetSystemTimeX
                0x0000000008002ce0        0xc build/obj/hal_buffers.o
 *fill*         0x0000000008002cec        0x4 
 .text.chThdQueueObjectInit
                0x0000000008002cf0       0x14 build/obj/hal_buffers.o
 *fill*         0x0000000008002d04        0xc 
 .text.osalSysLock
                0x0000000008002d10        0xc build/obj/hal_buffers.o
 *fill*         0x0000000008002d1c        0x4 
 .text.osalSysUnlock
                0x0000000008002d20        0xc build/obj/hal_buffers.o
 *fill*         0x0000000008002d2c        0x4 
 .text.osalOsGetSystemTimeX
                0x0000000008002d30        0xc build/obj/hal_buffers.o
 *fill*         0x0000000008002d3c        0x4 
 .text.osalThreadQueueObjectInit
                0x0000000008002d40       0x14 build/obj/hal_buffers.o
 *fill*         0x0000000008002d54        0xc 
 .text.osalThreadEnqueueTimeoutS
                0x0000000008002d60       0x1c build/obj/hal_buffers.o
 *fill*         0x0000000008002d7c        0x4 
 .text.osalThreadDequeueNextI
                0x0000000008002d80       0x18 build/obj/hal_buffers.o
 *fill*         0x0000000008002d98        0x8 
 .text.osalThreadDequeueAllI
                0x0000000008002da0       0x18 build/obj/hal_buffers.o
 *fill*         0x0000000008002db8        0x8 
 .text.ibqObjectInit
                0x0000000008002dc0       0x88 build/obj/hal_buffers.o
                0x0000000008002dc0                ibqObjectInit
 *fill*         0x0000000008002e48        0x8 
 .text.ibqResetI
                0x0000000008002e50       0x40 build/obj/hal_buffers.o
                0x0000000008002e50                ibqResetI
 .text.ibqGetEmptyBufferI
                0x0000000008002e90       0x40 build/obj/hal_buffers.o
                0x0000000008002e90                ibqGetEmptyBufferI
 .text.ibqPostFullBufferI
                0x0000000008002ed0       0x98 build/obj/hal_buffers.o
                0x0000000008002ed0                ibqPostFullBufferI
 *fill*         0x0000000008002f68        0x8 
 .text.ibqGetFullBufferTimeoutS
                0x0000000008002f70       0x64 build/obj/hal_buffers.o
                0x0000000008002f70                ibqGetFullBufferTimeoutS
 *fill*         0x0000000008002fd4        0xc 
 .text.ibqReleaseEmptyBufferS
                0x0000000008002fe0       0x68 build/obj/hal_buffers.o
                0x0000000008002fe0                ibqReleaseEmptyBufferS
 *fill*         0x0000000008003048        0x8 
 .text.ibqGetTimeout
                0x0000000008003050       0x60 build/obj/hal_buffers.o
                0x0000000008003050                ibqGetTimeout
 .text.ibqReadTimeout
                0x00000000080030b0      0x120 build/obj/hal_buffers.o
                0x00000000080030b0                ibqReadTimeout
 .text.obqObjectInit
                0x00000000080031d0       0x88 build/obj/hal_buffers.o
                0x00000000080031d0                obqObjectInit
 *fill*         0x0000000008003258        0x8 
 .text.obqResetI
                0x0000000008003260       0x44 build/obj/hal_buffers.o
                0x0000000008003260                obqResetI
 *fill*         0x00000000080032a4        0xc 
 .text.obqGetFullBufferI
                0x00000000080032b0       0x4c build/obj/hal_buffers.o
                0x00000000080032b0                obqGetFullBufferI
 *fill*         0x00000000080032fc        0x4 
 .text.obqReleaseEmptyBufferI
                0x0000000008003300       0x78 build/obj/hal_buffers.o
                0x0000000008003300                obqReleaseEmptyBufferI
 *fill*         0x0000000008003378        0x8 
 .text.obqGetEmptyBufferTimeoutS
                0x0000000008003380       0x60 build/obj/hal_buffers.o
                0x0000000008003380                obqGetEmptyBufferTimeoutS
 .text.obqPostFullBufferS
                0x00000000080033e0       0x88 build/obj/hal_buffers.o
                0x00000000080033e0                obqPostFullBufferS
 *fill*         0x0000000008003468        0x8 
 .text.obqPutTimeout
                0x0000000008003470       0x70 build/obj/hal_buffers.o
                0x0000000008003470                obqPutTimeout
 .text.obqWriteTimeout
                0x00000000080034e0      0x128 build/obj/hal_buffers.o
                0x00000000080034e0                obqWriteTimeout
 *fill*         0x0000000008003608        0x8 
 .text.obqTryFlushI
                0x0000000008003610       0x94 build/obj/hal_buffers.o
                0x0000000008003610                obqTryFlushI
 *fill*         0x00000000080036a4        0xc 
 .text.port_lock
                0x00000000080036b0       0x14 build/obj/ext.o
 *fill*         0x00000000080036c4        0xc 
 .text.port_unlock
                0x00000000080036d0       0x14 build/obj/ext.o
 *fill*         0x00000000080036e4        0xc 
 .text.chSysLock
                0x00000000080036f0       0x14 build/obj/ext.o
 *fill*         0x0000000008003704        0xc 
 .text.chSysUnlock
                0x0000000008003710       0x3c build/obj/ext.o
 *fill*         0x000000000800374c        0x4 
 .text.osalSysLock
                0x0000000008003750        0xc build/obj/ext.o
 *fill*         0x000000000800375c        0x4 
 .text.osalSysUnlock
                0x0000000008003760        0xc build/obj/ext.o
 *fill*         0x000000000800376c        0x4 
 .text.extInit  0x0000000008003770        0xc build/obj/ext.o
                0x0000000008003770                extInit
 *fill*         0x000000000800377c        0x4 
 .text.extObjectInit
                0x0000000008003780       0x18 build/obj/ext.o
                0x0000000008003780                extObjectInit
 *fill*         0x0000000008003798        0x8 
 .text.extStart
                0x00000000080037a0       0x58 build/obj/ext.o
                0x00000000080037a0                extStart
 *fill*         0x00000000080037f8        0x8 
 .text.gptInit  0x0000000008003800        0xc build/obj/gpt.o
                0x0000000008003800                gptInit
 *fill*         0x000000000800380c        0x4 
 .text.gptObjectInit
                0x0000000008003810       0x18 build/obj/gpt.o
                0x0000000008003810                gptObjectInit
 *fill*         0x0000000008003828        0x8 
 .text.pwmInit  0x0000000008003830        0xc build/obj/pwm.o
                0x0000000008003830                pwmInit
 *fill*         0x000000000800383c        0x4 
 .text.pwmObjectInit
                0x0000000008003840       0x24 build/obj/pwm.o
                0x0000000008003840                pwmObjectInit
 *fill*         0x0000000008003864        0xc 
 .text.chEvtObjectInit
                0x0000000008003870       0x10 build/obj/serial.o
 .text.chIQIsEmptyI
                0x0000000008003880       0x20 build/obj/serial.o
 .text.osalEventObjectInit
                0x00000000080038a0       0x14 build/obj/serial.o
 *fill*         0x00000000080038b4        0xc 
 .text.osalEventBroadcastFlagsI
                0x00000000080038c0       0x18 build/obj/serial.o
 *fill*         0x00000000080038d8        0x8 
 .text.write    0x00000000080038e0       0x28 build/obj/serial.o
 *fill*         0x0000000008003908        0x8 
 .text.read     0x0000000008003910       0x28 build/obj/serial.o
 *fill*         0x0000000008003938        0x8 
 .text.put      0x0000000008003940       0x28 build/obj/serial.o
 *fill*         0x0000000008003968        0x8 
 .text.get      0x0000000008003970       0x20 build/obj/serial.o
 .text.putt     0x0000000008003990       0x28 build/obj/serial.o
 *fill*         0x00000000080039b8        0x8 
 .text.gett     0x00000000080039c0       0x20 build/obj/serial.o
 .text.writet   0x00000000080039e0       0x28 build/obj/serial.o
 *fill*         0x0000000008003a08        0x8 
 .text.readt    0x0000000008003a10       0x28 build/obj/serial.o
 *fill*         0x0000000008003a38        0x8 
 .text.sdInit   0x0000000008003a40        0xc build/obj/serial.o
                0x0000000008003a40                sdInit
 *fill*         0x0000000008003a4c        0x4 
 .text.sdObjectInit
                0x0000000008003a50       0x60 build/obj/serial.o
                0x0000000008003a50                sdObjectInit
 .text.sdIncomingDataI
                0x0000000008003ab0       0x68 build/obj/serial.o
                0x0000000008003ab0                sdIncomingDataI
 *fill*         0x0000000008003b18        0x8 
 .text.port_lock
                0x0000000008003b20       0x14 build/obj/serial_usb.o
 *fill*         0x0000000008003b34        0xc 
 .text.port_unlock
                0x0000000008003b40       0x14 build/obj/serial_usb.o
 *fill*         0x0000000008003b54        0xc 
 .text.port_lock_from_isr
                0x0000000008003b60        0xc build/obj/serial_usb.o
 *fill*         0x0000000008003b6c        0x4 
 .text.port_unlock_from_isr
                0x0000000008003b70        0xc build/obj/serial_usb.o
 *fill*         0x0000000008003b7c        0x4 
 .text.chSysLock
                0x0000000008003b80       0x14 build/obj/serial_usb.o
 *fill*         0x0000000008003b94        0xc 
 .text.chSysUnlock
                0x0000000008003ba0       0x3c build/obj/serial_usb.o
 *fill*         0x0000000008003bdc        0x4 
 .text.chSysLockFromISR
                0x0000000008003be0       0x14 build/obj/serial_usb.o
 *fill*         0x0000000008003bf4        0xc 
 .text.chSysUnlockFromISR
                0x0000000008003c00       0x14 build/obj/serial_usb.o
 *fill*         0x0000000008003c14        0xc 
 .text.chEvtObjectInit
                0x0000000008003c20       0x10 build/obj/serial_usb.o
 .text.osalSysLock
                0x0000000008003c30        0xc build/obj/serial_usb.o
 *fill*         0x0000000008003c3c        0x4 
 .text.osalSysUnlock
                0x0000000008003c40        0xc build/obj/serial_usb.o
 *fill*         0x0000000008003c4c        0x4 
 .text.osalSysLockFromISR
                0x0000000008003c50        0xc build/obj/serial_usb.o
 *fill*         0x0000000008003c5c        0x4 
 .text.osalSysUnlockFromISR
                0x0000000008003c60        0xc build/obj/serial_usb.o
 *fill*         0x0000000008003c6c        0x4 
 .text.osalEventObjectInit
                0x0000000008003c70       0x14 build/obj/serial_usb.o
 *fill*         0x0000000008003c84        0xc 
 .text.osalEventBroadcastFlagsI
                0x0000000008003c90       0x18 build/obj/serial_usb.o
 *fill*         0x0000000008003ca8        0x8 
 .text.sdu_start_receive
                0x0000000008003cb0       0x80 build/obj/serial_usb.o
 .text.write    0x0000000008003d30       0x38 build/obj/serial_usb.o
 *fill*         0x0000000008003d68        0x8 
 .text.read     0x0000000008003d70       0x38 build/obj/serial_usb.o
 *fill*         0x0000000008003da8        0x8 
 .text.put      0x0000000008003db0       0x3c build/obj/serial_usb.o
 *fill*         0x0000000008003dec        0x4 
 .text.get      0x0000000008003df0       0x34 build/obj/serial_usb.o
 *fill*         0x0000000008003e24        0xc 
 .text.putt     0x0000000008003e30       0x3c build/obj/serial_usb.o
 *fill*         0x0000000008003e6c        0x4 
 .text.gett     0x0000000008003e70       0x34 build/obj/serial_usb.o
 *fill*         0x0000000008003ea4        0xc 
 .text.writet   0x0000000008003eb0       0x38 build/obj/serial_usb.o
 *fill*         0x0000000008003ee8        0x8 
 .text.readt    0x0000000008003ef0       0x38 build/obj/serial_usb.o
 *fill*         0x0000000008003f28        0x8 
 .text.ibnotify
                0x0000000008003f30       0x1c build/obj/serial_usb.o
 *fill*         0x0000000008003f4c        0x4 
 .text.obnotify
                0x0000000008003f50       0x7c build/obj/serial_usb.o
 *fill*         0x0000000008003fcc        0x4 
 .text.sduInit  0x0000000008003fd0        0x4 build/obj/serial_usb.o
                0x0000000008003fd0                sduInit
 *fill*         0x0000000008003fd4        0xc 
 .text.sduObjectInit
                0x0000000008003fe0       0x6c build/obj/serial_usb.o
                0x0000000008003fe0                sduObjectInit
 *fill*         0x000000000800404c        0x4 
 .text.sduStart
                0x0000000008004050       0x90 build/obj/serial_usb.o
                0x0000000008004050                sduStart
 .text.sduDisconnectI
                0x00000000080040e0       0x30 build/obj/serial_usb.o
                0x00000000080040e0                sduDisconnectI
 .text.sduConfigureHookI
                0x0000000008004110       0x34 build/obj/serial_usb.o
                0x0000000008004110                sduConfigureHookI
 *fill*         0x0000000008004144        0xc 
 .text.sduRequestsHook
                0x0000000008004150       0x78 build/obj/serial_usb.o
                0x0000000008004150                sduRequestsHook
 *fill*         0x00000000080041c8        0x8 
 .text.sduSOFHookI
                0x00000000080041d0       0x94 build/obj/serial_usb.o
                0x00000000080041d0                sduSOFHookI
 *fill*         0x0000000008004264        0xc 
 .text.sduDataTransmitted
                0x0000000008004270       0xdc build/obj/serial_usb.o
                0x0000000008004270                sduDataTransmitted
 *fill*         0x000000000800434c        0x4 
 .text.sduDataReceived
                0x0000000008004350       0x70 build/obj/serial_usb.o
                0x0000000008004350                sduDataReceived
 .text.sduInterruptTransmitted
                0x00000000080043c0       0x10 build/obj/serial_usb.o
                0x00000000080043c0                sduInterruptTransmitted
 .text.port_lock
                0x00000000080043d0       0x14 build/obj/usb.o
 *fill*         0x00000000080043e4        0xc 
 .text.port_unlock
                0x00000000080043f0       0x14 build/obj/usb.o
 *fill*         0x0000000008004404        0xc 
 .text.port_lock_from_isr
                0x0000000008004410        0xc build/obj/usb.o
 *fill*         0x000000000800441c        0x4 
 .text.port_unlock_from_isr
                0x0000000008004420        0xc build/obj/usb.o
 *fill*         0x000000000800442c        0x4 
 .text.chSysLock
                0x0000000008004430       0x14 build/obj/usb.o
 *fill*         0x0000000008004444        0xc 
 .text.chSysUnlock
                0x0000000008004450       0x3c build/obj/usb.o
 *fill*         0x000000000800448c        0x4 
 .text.chSysLockFromISR
                0x0000000008004490       0x14 build/obj/usb.o
 *fill*         0x00000000080044a4        0xc 
 .text.chSysUnlockFromISR
                0x00000000080044b0       0x14 build/obj/usb.o
 *fill*         0x00000000080044c4        0xc 
 .text.osalSysLock
                0x00000000080044d0        0xc build/obj/usb.o
 *fill*         0x00000000080044dc        0x4 
 .text.osalSysUnlock
                0x00000000080044e0        0xc build/obj/usb.o
 *fill*         0x00000000080044ec        0x4 
 .text.osalSysLockFromISR
                0x00000000080044f0        0xc build/obj/usb.o
 *fill*         0x00000000080044fc        0x4 
 .text.osalSysUnlockFromISR
                0x0000000008004500        0xc build/obj/usb.o
 *fill*         0x000000000800450c        0x4 
 .text.osalThreadResumeI
                0x0000000008004510       0x18 build/obj/usb.o
 *fill*         0x0000000008004528        0x8 
 .text.get_hword
                0x0000000008004530       0x30 build/obj/usb.o
 .text.set_address
                0x0000000008004560       0x3c build/obj/usb.o
 *fill*         0x000000000800459c        0x4 
 .text.default_handler
                0x00000000080045a0      0x3e0 build/obj/usb.o
 .text.usbInit  0x0000000008004980        0xc build/obj/usb.o
                0x0000000008004980                usbInit
 *fill*         0x000000000800498c        0x4 
 .text.usbObjectInit
                0x0000000008004990       0x50 build/obj/usb.o
                0x0000000008004990                usbObjectInit
 .text.usbStart
                0x00000000080049e0       0x78 build/obj/usb.o
                0x00000000080049e0                usbStart
 *fill*         0x0000000008004a58        0x8 
 .text.usbInitEndpointI
                0x0000000008004a60       0xa0 build/obj/usb.o
                0x0000000008004a60                usbInitEndpointI
 .text.usbDisableEndpointsI
                0x0000000008004b00       0xdc build/obj/usb.o
                0x0000000008004b00                usbDisableEndpointsI
 *fill*         0x0000000008004bdc        0x4 
 .text.usbStartReceiveI
                0x0000000008004be0       0xa0 build/obj/usb.o
                0x0000000008004be0                usbStartReceiveI
 .text.usbStartTransmitI
                0x0000000008004c80       0xa0 build/obj/usb.o
                0x0000000008004c80                usbStartTransmitI
 .text._usb_reset
                0x0000000008004d20       0xec build/obj/usb.o
                0x0000000008004d20                _usb_reset
 *fill*         0x0000000008004e0c        0x4 
 .text._usb_suspend
                0x0000000008004e10       0xb8 build/obj/usb.o
                0x0000000008004e10                _usb_suspend
 *fill*         0x0000000008004ec8        0x8 
 .text._usb_wakeup
                0x0000000008004ed0       0x30 build/obj/usb.o
                0x0000000008004ed0                _usb_wakeup
 .text._usb_ep0setup
                0x0000000008004f00      0x160 build/obj/usb.o
                0x0000000008004f00                _usb_ep0setup
 .text._usb_ep0in
                0x0000000008005060      0x144 build/obj/usb.o
                0x0000000008005060                _usb_ep0in
 *fill*         0x00000000080051a4        0xc 
 .text._usb_ep0out
                0x00000000080051b0      0x104 build/obj/usb.o
                0x00000000080051b0                _usb_ep0out
 *fill*         0x00000000080052b4        0xc 
 .text.nvicEnableVector
                0x00000000080052c0       0x54 build/obj/nvic.o
                0x00000000080052c0                nvicEnableVector
 *fill*         0x0000000008005314        0xc 
 .text.nvicSetSystemHandlerPriority
                0x0000000008005320       0x38 build/obj/nvic.o
                0x0000000008005320                nvicSetSystemHandlerPriority
 *fill*         0x0000000008005358        0x8 
 .text.hal_lld_backup_domain_init
                0x0000000008005360       0x40 build/obj/hal_lld.o
 .text.hal_lld_init
                0x00000000080053a0       0x64 build/obj/hal_lld.o
                0x00000000080053a0                hal_lld_init
 *fill*         0x0000000008005404        0xc 
 .text.stm32_clock_init
                0x0000000008005410      0x118 build/obj/hal_lld.o
                0x0000000008005410                stm32_clock_init
 *fill*         0x0000000008005528        0x8 
 .text.port_lock
                0x0000000008005530       0x14 build/obj/st_lld.o
 *fill*         0x0000000008005544        0xc 
 .text.port_unlock
                0x0000000008005550       0x14 build/obj/st_lld.o
 *fill*         0x0000000008005564        0xc 
 .text.port_lock_from_isr
                0x0000000008005570        0xc build/obj/st_lld.o
 *fill*         0x000000000800557c        0x4 
 .text.port_unlock_from_isr
                0x0000000008005580        0xc build/obj/st_lld.o
 *fill*         0x000000000800558c        0x4 
 .text.chSysLockFromISR
                0x0000000008005590       0x14 build/obj/st_lld.o
 *fill*         0x00000000080055a4        0xc 
 .text.chSysUnlockFromISR
                0x00000000080055b0       0x14 build/obj/st_lld.o
 *fill*         0x00000000080055c4        0xc 
 .text.osalSysLockFromISR
                0x00000000080055d0        0xc build/obj/st_lld.o
 *fill*         0x00000000080055dc        0x4 
 .text.osalSysUnlockFromISR
                0x00000000080055e0        0xc build/obj/st_lld.o
 *fill*         0x00000000080055ec        0x4 
 .text.osalOsTimerHandlerI
                0x00000000080055f0        0xc build/obj/st_lld.o
 *fill*         0x00000000080055fc        0x4 
 .text.SysTick_Handler
                0x0000000008005600       0x24 build/obj/st_lld.o
                0x0000000008005600                SysTick_Handler
 *fill*         0x0000000008005624        0xc 
 .text.st_lld_init
                0x0000000008005630       0x28 build/obj/st_lld.o
                0x0000000008005630                st_lld_init
 *fill*         0x0000000008005658        0x8 
 .text.ext_lld_init
                0x0000000008005660       0x10 build/obj/ext_lld.o
                0x0000000008005660                ext_lld_init
 .text.ext_lld_start
                0x0000000008005670       0x50 build/obj/ext_lld.o
                0x0000000008005670                ext_lld_start
 .text.ext_lld_channel_enable
                0x00000000080056c0      0x11c build/obj/ext_lld.o
                0x00000000080056c0                ext_lld_channel_enable
 *fill*         0x00000000080057dc        0x4 
 .text.ext_lld_channel_disable
                0x00000000080057e0       0x5c build/obj/ext_lld.o
                0x00000000080057e0                ext_lld_channel_disable
 *fill*         0x000000000800583c        0x4 
 .text.Vector58
                0x0000000008005840       0x54 build/obj/ext_lld_isr.o
                0x0000000008005840                Vector58
 *fill*         0x0000000008005894        0xc 
 .text.Vector5C
                0x00000000080058a0       0x54 build/obj/ext_lld_isr.o
                0x00000000080058a0                Vector5C
 *fill*         0x00000000080058f4        0xc 
 .text.Vector60
                0x0000000008005900       0x54 build/obj/ext_lld_isr.o
                0x0000000008005900                Vector60
 *fill*         0x0000000008005954        0xc 
 .text.Vector64
                0x0000000008005960       0x54 build/obj/ext_lld_isr.o
                0x0000000008005960                Vector64
 *fill*         0x00000000080059b4        0xc 
 .text.Vector68
                0x00000000080059c0       0x54 build/obj/ext_lld_isr.o
                0x00000000080059c0                Vector68
 *fill*         0x0000000008005a14        0xc 
 .text.Vector9C
                0x0000000008005a20       0xac build/obj/ext_lld_isr.o
                0x0000000008005a20                Vector9C
 *fill*         0x0000000008005acc        0x4 
 .text.VectorE0
                0x0000000008005ad0       0xc4 build/obj/ext_lld_isr.o
                0x0000000008005ad0                VectorE0
 *fill*         0x0000000008005b94        0xc 
 .text.Vector44
                0x0000000008005ba0       0x58 build/obj/ext_lld_isr.o
                0x0000000008005ba0                Vector44
 *fill*         0x0000000008005bf8        0x8 
 .text.VectorE4
                0x0000000008005c00       0x58 build/obj/ext_lld_isr.o
                0x0000000008005c00                VectorE4
 *fill*         0x0000000008005c58        0x8 
 .text.VectorE8
                0x0000000008005c60       0x58 build/obj/ext_lld_isr.o
                0x0000000008005c60                VectorE8
 *fill*         0x0000000008005cb8        0x8 
 .text.Vector138
                0x0000000008005cc0       0x58 build/obj/ext_lld_isr.o
                0x0000000008005cc0                Vector138
 *fill*         0x0000000008005d18        0x8 
 .text.Vector170
                0x0000000008005d20       0x58 build/obj/ext_lld_isr.o
                0x0000000008005d20                Vector170
 *fill*         0x0000000008005d78        0x8 
 .text.Vector48
                0x0000000008005d80       0x58 build/obj/ext_lld_isr.o
                0x0000000008005d80                Vector48
 *fill*         0x0000000008005dd8        0x8 
 .text.Vector4C
                0x0000000008005de0       0x58 build/obj/ext_lld_isr.o
                0x0000000008005de0                Vector4C
 *fill*         0x0000000008005e38        0x8 
 .text.ext_lld_exti_irq_enable
                0x0000000008005e40       0x78 build/obj/ext_lld_isr.o
                0x0000000008005e40                ext_lld_exti_irq_enable
 *fill*         0x0000000008005eb8        0x8 
 .text.initgpio
                0x0000000008005ec0       0x44 build/obj/pal_lld.o
 *fill*         0x0000000008005f04        0xc 
 .text._pal_lld_init
                0x0000000008005f10       0xc0 build/obj/pal_lld.o
                0x0000000008005f10                _pal_lld_init
 .text.port_lock
                0x0000000008005fd0       0x14 build/obj/usb_lld.o
 *fill*         0x0000000008005fe4        0xc 
 .text.port_unlock
                0x0000000008005ff0       0x14 build/obj/usb_lld.o
 *fill*         0x0000000008006004        0xc 
 .text.port_lock_from_isr
                0x0000000008006010        0xc build/obj/usb_lld.o
 *fill*         0x000000000800601c        0x4 
 .text.port_unlock_from_isr
                0x0000000008006020        0xc build/obj/usb_lld.o
 *fill*         0x000000000800602c        0x4 
 .text.chSysLock
                0x0000000008006030       0x14 build/obj/usb_lld.o
 *fill*         0x0000000008006044        0xc 
 .text.chSysUnlock
                0x0000000008006050       0x3c build/obj/usb_lld.o
 *fill*         0x000000000800608c        0x4 
 .text.chSysLockFromISR
                0x0000000008006090       0x14 build/obj/usb_lld.o
 *fill*         0x00000000080060a4        0xc 
 .text.chSysUnlockFromISR
                0x00000000080060b0       0x14 build/obj/usb_lld.o
 *fill*         0x00000000080060c4        0xc 
 .text.chThdStartI
                0x00000000080060d0       0x2c build/obj/usb_lld.o
 *fill*         0x00000000080060fc        0x4 
 .text.chRegSetThreadName
                0x0000000008006100       0x18 build/obj/usb_lld.o
 *fill*         0x0000000008006118        0x8 
 .text.osalSysLock
                0x0000000008006120        0xc build/obj/usb_lld.o
 *fill*         0x000000000800612c        0x4 
 .text.osalSysUnlock
                0x0000000008006130        0xc build/obj/usb_lld.o
 *fill*         0x000000000800613c        0x4 
 .text.osalSysLockFromISR
                0x0000000008006140        0xc build/obj/usb_lld.o
 *fill*         0x000000000800614c        0x4 
 .text.osalSysUnlockFromISR
                0x0000000008006150        0xc build/obj/usb_lld.o
 *fill*         0x000000000800615c        0x4 
 .text.osalSysPolledDelayX
                0x0000000008006160       0x14 build/obj/usb_lld.o
 *fill*         0x0000000008006174        0xc 
 .text.osalThreadSuspendS
                0x0000000008006180       0x18 build/obj/usb_lld.o
 *fill*         0x0000000008006198        0x8 
 .text.osalThreadResumeI
                0x00000000080061a0       0x18 build/obj/usb_lld.o
 *fill*         0x00000000080061b8        0x8 
 .text.otg_core_reset
                0x00000000080061c0       0x40 build/obj/usb_lld.o
 .text.otg_disable_ep
                0x0000000008006200       0x94 build/obj/usb_lld.o
 *fill*         0x0000000008006294        0xc 
 .text.otg_rxfifo_flush
                0x00000000080062a0       0x30 build/obj/usb_lld.o
 .text.otg_txfifo_flush
                0x00000000080062d0       0x38 build/obj/usb_lld.o
 *fill*         0x0000000008006308        0x8 
 .text.otg_ram_reset
                0x0000000008006310       0x14 build/obj/usb_lld.o
 *fill*         0x0000000008006324        0xc 
 .text.otg_ram_alloc
                0x0000000008006330       0x3c build/obj/usb_lld.o
 *fill*         0x000000000800636c        0x4 
 .text.otg_fifo_write_from_buffer
                0x0000000008006370       0x40 build/obj/usb_lld.o
 .text.otg_fifo_read_to_buffer
                0x00000000080063b0       0x54 build/obj/usb_lld.o
 *fill*         0x0000000008006404        0xc 
 .text.otg_rxfifo_handler
                0x0000000008006410      0x10c build/obj/usb_lld.o
 *fill*         0x000000000800651c        0x4 
 .text.otg_txfifo_handler
                0x0000000008006520      0x12c build/obj/usb_lld.o
 *fill*         0x000000000800664c        0x4 
 .text.otg_epin_handler
                0x0000000008006650      0x170 build/obj/usb_lld.o
 .text.otg_epout_handler
                0x00000000080067c0      0x17c build/obj/usb_lld.o
 *fill*         0x000000000800693c        0x4 
 .text.otg_isoc_in_failed_handler
                0x0000000008006940      0x154 build/obj/usb_lld.o
 *fill*         0x0000000008006a94        0xc 
 .text.otg_isoc_out_failed_handler
                0x0000000008006aa0       0xe0 build/obj/usb_lld.o
 .text.usb_lld_serve_interrupt
                0x0000000008006b80      0x228 build/obj/usb_lld.o
 *fill*         0x0000000008006da8        0x8 
 .text.Vector174
                0x0000000008006db0       0x20 build/obj/usb_lld.o
                0x0000000008006db0                Vector174
 .text.usb_lld_init
                0x0000000008006dd0       0x64 build/obj/usb_lld.o
                0x0000000008006dd0                usb_lld_init
 *fill*         0x0000000008006e34        0xc 
 .text.usb_lld_start
                0x0000000008006e40      0x138 build/obj/usb_lld.o
                0x0000000008006e40                usb_lld_start
 *fill*         0x0000000008006f78        0x8 
 .text.usb_lld_reset
                0x0000000008006f80      0x12c build/obj/usb_lld.o
                0x0000000008006f80                usb_lld_reset
 *fill*         0x00000000080070ac        0x4 
 .text.usb_lld_set_address
                0x00000000080070b0       0x2c build/obj/usb_lld.o
                0x00000000080070b0                usb_lld_set_address
 *fill*         0x00000000080070dc        0x4 
 .text.usb_lld_init_endpoint
                0x00000000080070e0      0x258 build/obj/usb_lld.o
                0x00000000080070e0                usb_lld_init_endpoint
 *fill*         0x0000000008007338        0x8 
 .text.usb_lld_disable_endpoints
                0x0000000008007340       0x1c build/obj/usb_lld.o
                0x0000000008007340                usb_lld_disable_endpoints
 *fill*         0x000000000800735c        0x4 
 .text.usb_lld_get_status_out
                0x0000000008007360       0x40 build/obj/usb_lld.o
                0x0000000008007360                usb_lld_get_status_out
 .text.usb_lld_get_status_in
                0x00000000080073a0       0x40 build/obj/usb_lld.o
                0x00000000080073a0                usb_lld_get_status_in
 .text.usb_lld_read_setup
                0x00000000080073e0       0x30 build/obj/usb_lld.o
                0x00000000080073e0                usb_lld_read_setup
 .text.usb_lld_start_out
                0x0000000008007410      0x144 build/obj/usb_lld.o
                0x0000000008007410                usb_lld_start_out
 *fill*         0x0000000008007554        0xc 
 .text.usb_lld_start_in
                0x0000000008007560      0x160 build/obj/usb_lld.o
                0x0000000008007560                usb_lld_start_in
 .text.usb_lld_stall_out
                0x00000000080076c0       0x34 build/obj/usb_lld.o
                0x00000000080076c0                usb_lld_stall_out
 *fill*         0x00000000080076f4        0xc 
 .text.usb_lld_stall_in
                0x0000000008007700       0x34 build/obj/usb_lld.o
                0x0000000008007700                usb_lld_stall_in
 *fill*         0x0000000008007734        0xc 
 .text.usb_lld_clear_out
                0x0000000008007740       0x34 build/obj/usb_lld.o
                0x0000000008007740                usb_lld_clear_out
 *fill*         0x0000000008007774        0xc 
 .text.usb_lld_clear_in
                0x0000000008007780       0x34 build/obj/usb_lld.o
                0x0000000008007780                usb_lld_clear_in
 *fill*         0x00000000080077b4        0xc 
 .text.usb_lld_pump
                0x00000000080077c0      0x10c build/obj/usb_lld.o
                0x00000000080077c0                usb_lld_pump
 *fill*         0x00000000080078cc        0x4 
 .text.Vector108
                0x00000000080078d0       0x20 build/obj/gpt_lld.o
                0x00000000080078d0                Vector108
 .text.gpt_lld_init
                0x00000000080078f0       0x1c build/obj/gpt_lld.o
                0x00000000080078f0                gpt_lld_init
 *fill*         0x000000000800790c        0x4 
 .text.gpt_lld_stop_timer
                0x0000000008007910       0x2c build/obj/gpt_lld.o
                0x0000000008007910                gpt_lld_stop_timer
 *fill*         0x000000000800793c        0x4 
 .text.gpt_lld_serve_interrupt
                0x0000000008007940       0x34 build/obj/gpt_lld.o
                0x0000000008007940                gpt_lld_serve_interrupt
 *fill*         0x0000000008007974        0xc 
 .text.VectorA4
                0x0000000008007980       0x20 build/obj/pwm_lld.o
                0x0000000008007980                VectorA4
 .text.VectorAC
                0x00000000080079a0       0x20 build/obj/pwm_lld.o
                0x00000000080079a0                VectorAC
 .text.pwm_lld_init
                0x00000000080079c0       0x20 build/obj/pwm_lld.o
                0x00000000080079c0                pwm_lld_init
 .text.pwm_lld_serve_interrupt
                0x00000000080079e0       0xc4 build/obj/pwm_lld.o
                0x00000000080079e0                pwm_lld_serve_interrupt
 *fill*         0x0000000008007aa4        0xc 
 .text.port_lock
                0x0000000008007ab0       0x14 build/obj/serial_lld.o
 *fill*         0x0000000008007ac4        0xc 
 .text.port_unlock
                0x0000000008007ad0       0x14 build/obj/serial_lld.o
 *fill*         0x0000000008007ae4        0xc 
 .text.port_lock_from_isr
                0x0000000008007af0        0xc build/obj/serial_lld.o
 *fill*         0x0000000008007afc        0x4 
 .text.port_unlock_from_isr
                0x0000000008007b00        0xc build/obj/serial_lld.o
 *fill*         0x0000000008007b0c        0x4 
 .text.chSysLockFromISR
                0x0000000008007b10       0x14 build/obj/serial_lld.o
 *fill*         0x0000000008007b24        0xc 
 .text.chSysUnlockFromISR
                0x0000000008007b30       0x14 build/obj/serial_lld.o
 *fill*         0x0000000008007b44        0xc 
 .text.chOQIsEmptyI
                0x0000000008007b50       0x34 build/obj/serial_lld.o
 *fill*         0x0000000008007b84        0xc 
 .text.osalSysLockFromISR
                0x0000000008007b90        0xc build/obj/serial_lld.o
 *fill*         0x0000000008007b9c        0x4 
 .text.osalSysUnlockFromISR
                0x0000000008007ba0        0xc build/obj/serial_lld.o
 *fill*         0x0000000008007bac        0x4 
 .text.osalEventBroadcastFlagsI
                0x0000000008007bb0       0x18 build/obj/serial_lld.o
 *fill*         0x0000000008007bc8        0x8 
 .text.set_error
                0x0000000008007bd0       0x74 build/obj/serial_lld.o
 *fill*         0x0000000008007c44        0xc 
 .text.serve_interrupt
                0x0000000008007c50      0x140 build/obj/serial_lld.o
 .text.notify1  0x0000000008007d90       0x1c build/obj/serial_lld.o
 *fill*         0x0000000008007dac        0x4 
 .text.VectorD4
                0x0000000008007db0       0x20 build/obj/serial_lld.o
                0x0000000008007db0                VectorD4
 .text.sd_lld_init
                0x0000000008007dd0       0x24 build/obj/serial_lld.o
                0x0000000008007dd0                sd_lld_init
 *fill*         0x0000000008007df4        0xc 
 .text.__early_init
                0x0000000008007e00        0xc build/obj/board.o
                0x0000000008007e00                __early_init
 *fill*         0x0000000008007e0c        0x4 
 .text.boardInit
                0x0000000008007e10        0x4 build/obj/board.o
                0x0000000008007e10                boardInit
 *fill*         0x0000000008007e14        0xc 
 .text.main     0x0000000008007e20       0x40 build/obj/main.o
                0x0000000008007e20                main
 .text.chRegSetThreadName
                0x0000000008007e60       0x18 build/obj/status.o
 *fill*         0x0000000008007e78        0x8 
 .text.STAT     0x0000000008007e80       0x40 build/obj/status.o
 .text.begin_status
                0x0000000008007ec0       0x28 build/obj/status.o
                0x0000000008007ec0                begin_status
 *fill*         0x0000000008007ee8        0x8 
 .text.port_lock
                0x0000000008007ef0       0x14 build/obj/usbcfg.o
 *fill*         0x0000000008007f04        0xc 
 .text.port_unlock
                0x0000000008007f10       0x14 build/obj/usbcfg.o
 *fill*         0x0000000008007f24        0xc 
 .text.port_lock_from_isr
                0x0000000008007f30        0xc build/obj/usbcfg.o
 *fill*         0x0000000008007f3c        0x4 
 .text.port_unlock_from_isr
                0x0000000008007f40        0xc build/obj/usbcfg.o
 *fill*         0x0000000008007f4c        0x4 
 .text.chSysLockFromISR
                0x0000000008007f50       0x14 build/obj/usbcfg.o
 *fill*         0x0000000008007f64        0xc 
 .text.chSysUnlockFromISR
                0x0000000008007f70       0x14 build/obj/usbcfg.o
 *fill*         0x0000000008007f84        0xc 
 .text.osalSysLockFromISR
                0x0000000008007f90        0xc build/obj/usbcfg.o
 *fill*         0x0000000008007f9c        0x4 
 .text.osalSysUnlockFromISR
                0x0000000008007fa0        0xc build/obj/usbcfg.o
 *fill*         0x0000000008007fac        0x4 
 .text.get_descriptor
                0x0000000008007fb0       0x5c build/obj/usbcfg.o
 *fill*         0x000000000800800c        0x4 
 .text.usb_event
                0x0000000008008010       0x80 build/obj/usbcfg.o
 .text.sof_handler
                0x0000000008008090       0x20 build/obj/usbcfg.o
 .text.port_lock
                0x00000000080080b0       0x14 build/obj/usb_serial_link.o
 *fill*         0x00000000080080c4        0xc 
 .text.port_unlock
                0x00000000080080d0       0x14 build/obj/usb_serial_link.o
 *fill*         0x00000000080080e4        0xc 
 .text.chSysLock
                0x00000000080080f0       0x14 build/obj/usb_serial_link.o
 *fill*         0x0000000008008104        0xc 
 .text.chSysUnlock
                0x0000000008008110       0x3c build/obj/usb_serial_link.o
 *fill*         0x000000000800814c        0x4 
 .text.chVTGetSystemTimeX
                0x0000000008008150        0xc build/obj/usb_serial_link.o
 *fill*         0x000000000800815c        0x4 
 .text.chVTGetSystemTime
                0x0000000008008160       0x1c build/obj/usb_serial_link.o
 *fill*         0x000000000800817c        0x4 
 .text.chRegSetThreadName
                0x0000000008008180       0x18 build/obj/usb_serial_link.o
 *fill*         0x0000000008008198        0x8 
 .text.USBThread
                0x00000000080081a0       0x6c build/obj/usb_serial_link.o
 *fill*         0x000000000800820c        0x4 
 .text.mem_init
                0x0000000008008210       0x34 build/obj/usb_serial_link.o
 *fill*         0x0000000008008244        0xc 
 .text.usb_driver_init
                0x0000000008008250       0x5c build/obj/usb_serial_link.o
 *fill*         0x00000000080082ac        0x4 
 .text.usb_serial_init
                0x00000000080082b0       0x28 build/obj/usb_serial_link.o
                0x00000000080082b0                usb_serial_init
 *fill*         0x00000000080082d8        0x8 
 .text._upload  0x00000000080082e0       0x50 build/obj/usb_serial_link.o
                0x00000000080082e0                _upload
 .text.upload_counts
                0x0000000008008330       0x3c build/obj/usb_serial_link.o
                0x0000000008008330                upload_counts
 *fill*         0x000000000800836c        0x4 
 .text.port_lock
                0x0000000008008370       0x14 build/obj/header.o
 *fill*         0x0000000008008384        0xc 
 .text.port_unlock
                0x0000000008008390       0x14 build/obj/header.o
 *fill*         0x00000000080083a4        0xc 
 .text.port_lock_from_isr
                0x00000000080083b0        0xc build/obj/header.o
 *fill*         0x00000000080083bc        0x4 
 .text.port_unlock_from_isr
                0x00000000080083c0        0xc build/obj/header.o
 *fill*         0x00000000080083cc        0x4 
 .text.chSysLock
                0x00000000080083d0       0x14 build/obj/header.o
 *fill*         0x00000000080083e4        0xc 
 .text.chSysUnlock
                0x00000000080083f0       0x3c build/obj/header.o
 *fill*         0x000000000800842c        0x4 
 .text.chSysLockFromISR
                0x0000000008008430       0x14 build/obj/header.o
 *fill*         0x0000000008008444        0xc 
 .text.chSysUnlockFromISR
                0x0000000008008450       0x14 build/obj/header.o
 *fill*         0x0000000008008464        0xc 
 .text.chVTGetSystemTimeX
                0x0000000008008470        0xc build/obj/header.o
 *fill*         0x000000000800847c        0x4 
 .text.chVTGetSystemTime
                0x0000000008008480       0x1c build/obj/header.o
 *fill*         0x000000000800849c        0x4 
 .text.chBSemWait
                0x00000000080084a0       0x18 build/obj/header.o
 *fill*         0x00000000080084b8        0x8 
 .text.chBSemSignalI
                0x00000000080084c0       0x24 build/obj/header.o
 *fill*         0x00000000080084e4        0xc 
 .text.run_state
                0x00000000080084f0       0x24 build/obj/header.o
                0x00000000080084f0                run_state
 *fill*         0x0000000008008514        0xc 
 .text.tick_state
                0x0000000008008520       0x24 build/obj/header.o
                0x0000000008008520                tick_state
 *fill*         0x0000000008008544        0xc 
 .text.HEAD     0x0000000008008550       0x60 build/obj/header.o
 .text.do_state_a
                0x00000000080085b0       0x1c build/obj/header.o
 *fill*         0x00000000080085cc        0x4 
 .text.do_state_b
                0x00000000080085d0       0x1c build/obj/header.o
 *fill*         0x00000000080085ec        0x4 
 .text.do_state_c
                0x00000000080085f0       0x1c build/obj/header.o
 *fill*         0x000000000800860c        0x4 
 .text.do_state_d
                0x0000000008008610       0x1c build/obj/header.o
 *fill*         0x000000000800862c        0x4 
 .text.do_state_e
                0x0000000008008630       0x2c build/obj/header.o
 *fill*         0x000000000800865c        0x4 
 .text.begin_header_detection
                0x0000000008008660       0x28 build/obj/header.o
                0x0000000008008660                begin_header_detection
 *fill*         0x0000000008008688        0x8 
 .text.memset   0x0000000008008690       0x9c /usr/bin/../lib/gcc/arm-none-eabi/6.3.1/../../../../arm-none-eabi/lib/thumb/v7e-m/fpv4-sp/hard/libg.a(lib_a-memset.o)
                0x0000000008008690                memset
 *(.rodata)
 *fill*         0x000000000800872c        0x4 
 .rodata        0x0000000008008730        0x5 build/obj/chsys.o
 *fill*         0x0000000008008735        0xb 
 .rodata        0x0000000008008740       0x56 build/obj/chdebug.o
 *fill*         0x0000000008008796        0xa 
 .rodata        0x00000000080087a0        0xf build/obj/chschd.o
 *fill*         0x00000000080087af        0x1 
 .rodata        0x00000000080087b0        0xd build/obj/usb_lld.o
 *fill*         0x00000000080087bd        0x3 
 .rodata        0x00000000080087c0        0x7 build/obj/status.o
 *fill*         0x00000000080087c7        0x9 
 .rodata        0x00000000080087d0        0x4 build/obj/usb_serial_link.o
 *(.rodata.*)
 *fill*         0x00000000080087d4        0xc 
 .rodata.ram_areas
                0x00000000080087e0       0x80 build/obj/crt1.o
 .rodata.__func__.7865
                0x0000000008008860        0xb build/obj/chvt.o
 *fill*         0x000000000800886b        0x5 
 .rodata.__func__.7872
                0x0000000008008870        0xd build/obj/chvt.o
 *fill*         0x000000000800887d        0x3 
 .rodata.__func__.7862
                0x0000000008008880        0xc build/obj/chschd.o
 *fill*         0x000000000800888c        0x4 
 .rodata.__func__.7890
                0x0000000008008890        0xd build/obj/chschd.o
 *fill*         0x000000000800889d        0x3 
 .rodata.__func__.7874
                0x00000000080088a0        0xd build/obj/chthreads.o
 *fill*         0x00000000080088ad        0x3 
 .rodata.__func__.7157
                0x00000000080088b0        0xc build/obj/chthreads.o
 *fill*         0x00000000080088bc        0x4 
 .rodata.__func__.7328
                0x00000000080088c0        0xc build/obj/chthreads.o
 *fill*         0x00000000080088cc        0x4 
 .rodata.__func__.7918
                0x00000000080088d0        0xb build/obj/chthreads.o
 *fill*         0x00000000080088db        0x5 
 .rodata.__func__.7928
                0x00000000080088e0        0xe build/obj/chthreads.o
 *fill*         0x00000000080088ee        0x2 
 .rodata.__func__.7940
                0x00000000080088f0        0xd build/obj/chthreads.o
 *fill*         0x00000000080088fd        0x3 
 .rodata.__func__.7340
                0x0000000008008900       0x14 build/obj/chthreads.o
 *fill*         0x0000000008008914        0xc 
 .rodata.ch_debug
                0x0000000008008920       0x16 build/obj/chregistry.o
                0x0000000008008920                ch_debug
 *fill*         0x0000000008008936        0xa 
 .rodata.__func__.7157
                0x0000000008008940        0xc build/obj/chsem.o
 *fill*         0x000000000800894c        0x4 
 .rodata.__func__.7879
                0x0000000008008950        0xb build/obj/chsem.o
 *fill*         0x000000000800895b        0x5 
 .rodata.__func__.7897
                0x0000000008008960        0xd build/obj/chsem.o
 *fill*         0x000000000800896d        0x3 
 .rodata.__func__.7857
                0x0000000008008970       0x10 build/obj/chmtx.o
 .rodata.__func__.7882
                0x0000000008008980       0x15 build/obj/chevents.o
 *fill*         0x0000000008008995        0xb 
 .rodata.__func__.7899
                0x00000000080089a0        0xd build/obj/chevents.o
 *fill*         0x00000000080089ad        0x3 
 .rodata.__func__.7859
                0x00000000080089b0        0xf build/obj/chmboxes.o
 *fill*         0x00000000080089bf        0x1 
 .rodata.__func__.7157
                0x00000000080089c0        0xc build/obj/chmboxes.o
 *fill*         0x00000000080089cc        0x4 
 .rodata.__func__.7879
                0x00000000080089d0        0xa build/obj/chmboxes.o
 *fill*         0x00000000080089da        0x6 
 .rodata.__func__.7919
                0x00000000080089e0        0xb build/obj/chmboxes.o
 *fill*         0x00000000080089eb        0x5 
 .rodata.__func__.7157
                0x00000000080089f0        0xc build/obj/chqueues.o
 *fill*         0x00000000080089fc        0x4 
 .rodata.__func__.7885
                0x0000000008008a00       0x10 build/obj/chqueues.o
 .rodata.__func__.7921
                0x0000000008008a10       0x11 build/obj/chqueues.o
 *fill*         0x0000000008008a21        0xf 
 .rodata.__func__.7157
                0x0000000008008a30        0xc build/obj/chmemcore.o
 *fill*         0x0000000008008a3c        0x4 
 .rodata.__func__.7859
                0x0000000008008a40       0x11 build/obj/chmempools.o
 *fill*         0x0000000008008a51        0xf 
 .rodata.__func__.7865
                0x0000000008008a60       0x10 build/obj/chmempools.o
 .rodata.__func__.7873
                0x0000000008008a70        0xd build/obj/chmempools.o
 *fill*         0x0000000008008a7d        0x3 
 .rodata.__func__.7157
                0x0000000008008a80        0xc build/obj/chmempools.o
 *fill*         0x0000000008008a8c        0x4 
 .rodata.__func__.7883
                0x0000000008008a90        0xc build/obj/chmempools.o
 *fill*         0x0000000008008a9c        0x4 
 .rodata.__func__.9410
                0x0000000008008aa0        0xe build/obj/hal_buffers.o
 *fill*         0x0000000008008aae        0x2 
 .rodata.__func__.9421
                0x0000000008008ab0       0x13 build/obj/hal_buffers.o
 *fill*         0x0000000008008ac3        0xd 
 .rodata.__func__.7535
                0x0000000008008ad0        0xc build/obj/hal_buffers.o
 *fill*         0x0000000008008adc        0x4 
 .rodata.__func__.9435
                0x0000000008008ae0       0x19 build/obj/hal_buffers.o
 *fill*         0x0000000008008af9        0x7 
 .rodata.__func__.9442
                0x0000000008008b00       0x17 build/obj/hal_buffers.o
 *fill*         0x0000000008008b17        0x9 
 .rodata.__func__.9468
                0x0000000008008b20        0xe build/obj/hal_buffers.o
 *fill*         0x0000000008008b2e        0x2 
 .rodata.__func__.9479
                0x0000000008008b30       0x17 build/obj/hal_buffers.o
 *fill*         0x0000000008008b47        0x9 
 .rodata.__func__.9493
                0x0000000008008b50       0x1a build/obj/hal_buffers.o
 *fill*         0x0000000008008b6a        0x6 
 .rodata.__func__.9502
                0x0000000008008b70       0x13 build/obj/hal_buffers.o
 *fill*         0x0000000008008b83        0xd 
 .rodata.__func__.9034
                0x0000000008008b90        0x9 build/obj/ext.o
 *fill*         0x0000000008008b99        0x7 
 .rodata.__func__.7157
                0x0000000008008ba0        0xc build/obj/ext.o
 *fill*         0x0000000008008bac        0x4 
 .rodata.vmt    0x0000000008008bb0       0x20 build/obj/serial.o
 .rodata.__func__.9084
                0x0000000008008bd0       0x10 build/obj/serial.o
 .rodata.vmt    0x0000000008008be0       0x20 build/obj/serial_usb.o
 .rodata.__func__.9089
                0x0000000008008c00        0x9 build/obj/serial_usb.o
 *fill*         0x0000000008008c09        0x7 
 .rodata.__func__.7157
                0x0000000008008c10        0xc build/obj/serial_usb.o
 *fill*         0x0000000008008c1c        0x4 
 .rodata.__func__.9113
                0x0000000008008c20        0xc build/obj/serial_usb.o
 *fill*         0x0000000008008c2c        0x4 
 .rodata.zero_status
                0x0000000008008c30        0x2 build/obj/usb.o
 *fill*         0x0000000008008c32        0xe 
 .rodata.active_status
                0x0000000008008c40        0x2 build/obj/usb.o
 *fill*         0x0000000008008c42        0xe 
 .rodata.halted_status
                0x0000000008008c50        0x2 build/obj/usb.o
 *fill*         0x0000000008008c52        0xe 
 .rodata.__func__.9458
                0x0000000008008c60        0x9 build/obj/usb.o
 *fill*         0x0000000008008c69        0x7 
 .rodata.__func__.7535
                0x0000000008008c70        0xc build/obj/usb.o
 *fill*         0x0000000008008c7c        0x4 
 .rodata.__func__.9475
                0x0000000008008c80       0x11 build/obj/usb.o
 *fill*         0x0000000008008c91        0xf 
 .rodata.__func__.9480
                0x0000000008008ca0       0x15 build/obj/usb.o
 *fill*         0x0000000008008cb5        0xb 
 .rodata.__func__.9491
                0x0000000008008cc0       0x11 build/obj/usb.o
 *fill*         0x0000000008008cd1        0xf 
 .rodata.__func__.9499
                0x0000000008008ce0       0x12 build/obj/usb.o
 *fill*         0x0000000008008cf2        0xe 
 .rodata.__func__.9557
                0x0000000008008d00        0xb build/obj/usb.o
 *fill*         0x0000000008008d0b        0x5 
 .rodata.__func__.9571
                0x0000000008008d10        0xc build/obj/usb.o
 *fill*         0x0000000008008d1c        0x4 
 .rodata.__func__.9035
                0x0000000008008d20       0x1d build/obj/nvic.o
 *fill*         0x0000000008008d3d        0x3 
 .rodata.ep0config
                0x0000000008008d40       0x24 build/obj/usb_lld.o
 *fill*         0x0000000008008d64        0xc 
 .rodata.hsparams
                0x0000000008008d70        0xc build/obj/usb_lld.o
 *fill*         0x0000000008008d7c        0x4 
 .rodata.__func__.9451
                0x0000000008008d80        0xe build/obj/usb_lld.o
 *fill*         0x0000000008008d8e        0x2 
 .rodata.__func__.9457
                0x0000000008008d90       0x1b build/obj/usb_lld.o
 *fill*         0x0000000008008dab        0x5 
 .rodata.__func__.7702
                0x0000000008008db0        0xc build/obj/usb_lld.o
 *fill*         0x0000000008008dbc        0x4 
 .rodata.__func__.7535
                0x0000000008008dc0        0xc build/obj/usb_lld.o
 *fill*         0x0000000008008dcc        0x4 
 .rodata.pal_default_config
                0x0000000008008dd0       0xfc build/obj/board.o
                0x0000000008008dd0                pal_default_config
 *fill*         0x0000000008008ecc        0x4 
 .rodata.extcfg
                0x0000000008008ed0       0xb8 build/obj/main.o
 *fill*         0x0000000008008f88        0x8 
 .rodata.vcom_device_descriptor_data
                0x0000000008008f90       0x12 build/obj/usbcfg.o
 *fill*         0x0000000008008fa2        0xe 
 .rodata.vcom_device_descriptor
                0x0000000008008fb0        0x8 build/obj/usbcfg.o
 *fill*         0x0000000008008fb8        0x8 
 .rodata.vcom_configuration_descriptor_data
                0x0000000008008fc0       0x43 build/obj/usbcfg.o
 *fill*         0x0000000008009003        0xd 
 .rodata.vcom_configuration_descriptor
                0x0000000008009010        0x8 build/obj/usbcfg.o
 *fill*         0x0000000008009018        0x8 
 .rodata.vcom_string0
                0x0000000008009020        0x4 build/obj/usbcfg.o
 *fill*         0x0000000008009024        0xc 
 .rodata.vcom_string1
                0x0000000008009030       0x1e build/obj/usbcfg.o
 *fill*         0x000000000800904e        0x2 
 .rodata.vcom_string2
                0x0000000008009050       0x2a build/obj/usbcfg.o
 *fill*         0x000000000800907a        0x6 
 .rodata.vcom_string3
                0x0000000008009080        0x4 build/obj/usbcfg.o